*Info*    Exporting services from client ... 

*Info*    Client has finished starting ... 



*Info*    Configuring the session ...

	Library      = TEST_NOPDK
	Cell         = my_clock_tb
	View         = config
	Simulator    = ams
	State Path   = $AXL_SETUPDB_DIR/test_states
	State Name   = TEST_NOPDK:my_clock_tb:1_none_Interactive.1
	Results DB   = /home/saul/projects/TEST_NOPDK/TEST_NOPDK/my_clock_tb/adexl/results/data/Interactive.1.rdb
	Results Dir  = /home/saul/simulation/TEST_NOPDK/my_clock_tb/adexl/results/data/Interactive.1/1/TEST_NOPDK:my_clock_tb:1
	Results Loc  = /home/saul/simulation/TEST_NOPDK/my_clock_tb/adexl/results/data
	Project Dir  = /home/saul/simulation
	Setup DB loc = /home/saul/projects/TEST_NOPDK/TEST_NOPDK/my_clock_tb/adexl
	File Encoding = 0



*Info*    The auto suspension is disabled.






*Info*    Run start for Point ID (1 1) on testbench [
          TEST_NOPDK:my_clock_tb:1 ].

Resetting statistical vars

*Info*    Setting parameter values ...

Setting var temperature = "27"
Setting temp(T) = 27

*Info*    Netlist Directory =
          /home/saul/simulation/TEST_NOPDK/my_clock_tb/adexl/results/data/Interactive.1/1/TEST_NOPDK:my_clock_tb:1/netlist


*Info*    Data Directory    =
          /home/saul/simulation/TEST_NOPDK/my_clock_tb/adexl/results/data/Interactive.1/1/TEST_NOPDK:my_clock_tb:1


*Info*    Creating Netlist for Point ID (1 1)

generate netlist...
INFO (AMS-2142): The AMS Unified Netlisting (AMS UNL) flow has been enabled.
INFO (AMS-2031): The instances bound to the views specified in the 'Netlist using spectre CDF simInfo'
 field in the Netlister form (Simulation->Options->Netlister) will be netlisted as
 analog primitives using the Spectre CDF simulation information.
Begin Netlisting May  2 14:50:18 2025
INFO (VLOGNET-60): The stimulus name mapped table will not be printed in the 
"/home/saul/simulation/TEST_NOPDK/my_clock_tb/adexl/results/data/Interactive.1/1/TEST_NOPDK:my_clock_tb:1/netlist/digital/testfixture.verilog" file. To print the stimulus name mapped table, set 
simVerilogPrintStimulusNameMappingTable = t either in CIW or the .simrc file 
before invoking Verilog netlister.
 
INFO (VLOGNET-62): Database internal net names will be printed for floating instance ports. To prevent 
them from being printed, set simVerilogProcessNullPorts = t either in CIW or 
the .simrc file.
 
INFO (VLOGNET-64): All cellviews in the design will be printed in the Netlist Configuration list. 
If you want to print only those cellviews that need to be re-netlisted in the 
list, set simVerilogIncrementalNetlistConfigList = t either in CIW or the 
.simrc file.
 
INFO (VLOGNET-68): The initial state of stimulus of all inout pins is set to "z". To get inout 
pins with initial state of "0", set hnlVerilogIOInitStimulusStr = "0" 
either in CIW or the .simrc file.
 
INFO (VLOGNET-118): Using connection by name (explicit connections) for all stopping and 
non-stopping cells.
 
INFO (VLOGNET-126): ---------- Beginning netlist configuration information ----------


                (incremental data only)

LIB NAME                    CELL NAME                   VIEW NAME            NOTE             
---------                   ---------                   ---------            ----             

TEST_NOPDK                  my_clock                    functional           *Stopping View*  

---------- End of netlist configuration information   ----------
Running netlist assembly..

End netlisting May  2 14:50:24 2025
INFO (AMS-1241): AMS UNL netlisting has completed successfully.
To view the modules, right-click the test name on the Tests and Analyses 
assistant pane and choose Netlist->Display menu option.
      ...successful.
create cds_globals...
      ...successful.
compose simulator input file...
      ...successful.

*Info*    Running simulation on testbench [ TEST_NOPDK:my_clock_tb:1
          ] for Point ID (1 1).

Delete simulation data in /home/saul/simulation/TEST_NOPDK/my_clock_tb/adexl/results/data/Interactive.1/1/TEST_NOPDK:my_clock_tb:1/psf.
create cds_globals...
      ...successful.
compose simulator input file...
      ...successful.
validating simulator hierarchy...
      ...successful.
running...
To check for output from compilation, elaboration and simulation run, 
right-click on the test name, result name, or any value in the "Results" 
tab of the Outputs section and choose "Output Log" menu option.
INFO (ADE-3071): Simulation completed successfully.
reading simulation data...
      ...successful.
*Info*    Client has finished evaluating ... 


*Info*    Run complete for Point ID (1 1) on testbench [
          TEST_NOPDK:my_clock_tb:1 ].





Simulation design variables differ from those on the cellView,
they have been saved in the file "/tmp/saved-design-variables".
To save future changes, copy variables to cellView before exiting.
